parsing/parsing.c: In function 'merge_extractDoubleArray':
parsing/parsing.c:356:21: error: 'MPARSEdoubleMAX' undeclared (first use in this function)
parsing/parsing.c:356:21: note: each undeclared identifier is reported only once for each function it appears in
parsing/parsing.c: In function 'merge_parseUnsignedLong':
parsing/parsing.c:389:2: warning: suggest parentheses around assignment used as truth value [-Wparentheses]
parsing/parsing.c:389:33: error: expected expression before '!=' token
parsing/parsing.c:389:40: error: expected statement before ')' token
parsing/parsing.c: In function 'merge_randomLongs':
parsing/parsing.c:415:9: error: 'counter' undeclared (first use in this function)
parsing/parsing.c: In function 'merge_randomFloats':
parsing/parsing.c:423:3: error: 'array' undeclared (first use in this function)
parsing/parsing.c:423:9: error: 'counter' undeclared (first use in this function)
parsing/parsing.c:424:2: error: expected ';' before 'return'
parsing/parsing.c:421:9: warning: unused variable 'arrray' [-Wunused-variable]
parsing/parsing.c: In function 'merge_randomDoubles':
parsing/parsing.c:431:3: error: 'array' undeclared (first use in this function)
parsing/parsing.c:431:9: error: 'counter' undeclared (first use in this function)
parsing/parsing.c:432:2: error: expected ';' before 'return'
parsing/parsing.c:429:10: warning: unused variable 'arrray' [-Wunused-variable]
parsing/parsing.c: In function 'merge_parseArgs':
parsing/parsing.c:482:15: warning: pointer targets in assignment differ in signedness [-Wpointer-sign]
parsing/parsing.c:487:6: error: a label can only be part of a statement and a declaration is not a statement
parsing/parsing.c:539:4: warning: multi-line comment [-Wcomment]
parsing/parsing.c:542:5: warning: pointer targets in passing argument 1 of 'merge_extractLongArray' differ in signedness [-Wpointer-sign]
parsing/parsing.c:35:8: note: expected 'char *' but argument is of type 'unsigned char *'
parsing/parsing.c:545:5: warning: pointer targets in passing argument 1 of 'merge_extractLongLongArray' differ in signedness [-Wpointer-sign]
parsing/parsing.c:123:13: note: expected 'char *' but argument is of type 'unsigned char *'
parsing/parsing.c:548:5: warning: pointer targets in passing argument 1 of 'merge_extractFloatArray' differ in signedness [-Wpointer-sign]
parsing/parsing.c:210:9: note: expected 'char *' but argument is of type 'unsigned char *'
parsing/parsing.c:551:5: warning: pointer targets in passing argument 1 of 'merge_extractDoubleArray' differ in signedness [-Wpointer-sign]
parsing/parsing.c:296:10: note: expected 'char *' but argument is of type 'unsigned char *'
parsing/parsing.c:564:5: warning: multi-line comment [-Wcomment]
In file included from serial/serial.c:5:0:
serial/serial.h:16:2: error: invalid preprocessing directive #DEFINE
serial/serial.c: In function 'serialSort':
serial/serial.c:13:4: error: a label can only be part of a statement and a declaration is not a statement
serial/serial.c:17:5: warning: implicit declaration of function 'malloc' [-Wimplicit-function-declaration]
serial/serial.c:17:17: warning: incompatible implicit declaration of built-in function 'malloc' [enabled by default]
serial/serial.c:30:16: warning: incompatible implicit declaration of built-in function 'malloc' [enabled by default]
serial/serial.c:34:8: error: 'firstCounter' undeclared (first use in this function)
serial/serial.c:34:8: note: each undeclared identifier is reported only once for each function it appears in
serial/serial.c:41:4: warning: implicit declaration of function 'free' [-Wimplicit-function-declaration]
serial/serial.c:41:4: warning: incompatible implicit declaration of built-in function 'free' [enabled by default]
serial/serial.c:46:4: error: a label can only be part of a statement and a declaration is not a statement
serial/serial.c:46:15: error: conflicting types for 'array'
serial/serial.c:13:10: note: previous definition of 'array' was here
serial/serial.c:55:18: error: redefinition of 'pieceLength'
serial/serial.c:22:18: note: previous definition of 'pieceLength' was here
serial/serial.c:56:5: error: redefinition of 'remainder'
serial/serial.c:23:5: note: previous definition of 'remainder' was here
serial/serial.c:57:5: error: redefinition of 'frontCounter'
serial/serial.c:24:5: note: previous definition of 'frontCounter' was here
serial/serial.c:58:5: error: redefinition of 'secondCounter'
serial/serial.c:25:5: note: previous definition of 'secondCounter' was here
serial/serial.c:59:5: error: redefinition of 'globalCounter'
serial/serial.c:26:5: note: previous definition of 'globalCounter' was here
serial/serial.c:61:15: error: conflicting types for 'first'
serial/serial.c:28:10: note: previous definition of 'first' was here
serial/serial.c:62:6: error: conflicting types for 'second'
serial/serial.c:29:6: note: previous definition of 'second' was here
serial/serial.c:63:6: error: conflicting types for 'results'
serial/serial.c:30:6: note: previous definition of 'results' was here
serial/serial.c:78:8: error: 'MFLOAT' undeclared (first use in this function)
serial/serial.c:79:4: error: expected expression before 'float'
serial/serial.c:88:18: error: redefinition of 'pieceLength'
serial/serial.c:55:18: note: previous definition of 'pieceLength' was here
serial/serial.c:89:5: error: redefinition of 'remainder'
serial/serial.c:56:5: note: previous definition of 'remainder' was here
serial/serial.c:90:5: error: redefinition of 'frontCounter'
serial/serial.c:57:5: note: previous definition of 'frontCounter' was here
serial/serial.c:91:5: error: redefinition of 'secondCounter'
serial/serial.c:58:5: note: previous definition of 'secondCounter' was here
serial/serial.c:92:5: error: redefinition of 'globalCounter'
serial/serial.c:59:5: note: previous definition of 'globalCounter' was here
serial/serial.c:94:11: error: conflicting types for 'first'
serial/serial.c:61:15: note: previous definition of 'first' was here
serial/serial.c:95:6: error: conflicting types for 'second'
serial/serial.c:62:6: note: previous definition of 'second' was here
serial/serial.c:96:6: error: conflicting types for 'results'
serial/serial.c:63:6: note: previous definition of 'results' was here
serial/serial.c:112:4: error: a label can only be part of a statement and a declaration is not a statement
serial/serial.c:112:12: error: conflicting types for 'array'
serial/serial.c:46:15: note: previous definition of 'array' was here
serial/serial.c:121:18: error: redefinition of 'pieceLength'
serial/serial.c:88:18: note: previous definition of 'pieceLength' was here
serial/serial.c:122:5: error: redefinition of 'remainder'
serial/serial.c:89:5: note: previous definition of 'remainder' was here
serial/serial.c:123:5: error: redefinition of 'frontCounter'
serial/serial.c:90:5: note: previous definition of 'frontCounter' was here
serial/serial.c:124:5: error: redefinition of 'secondCounter'
serial/serial.c:91:5: note: previous definition of 'secondCounter' was here
serial/serial.c:125:5: error: redefinition of 'globalCounter'
serial/serial.c:92:5: note: previous definition of 'globalCounter' was here
serial/serial.c:127:12: error: conflicting types for 'first'
serial/serial.c:94:11: note: previous definition of 'first' was here
serial/serial.c:128:6: error: conflicting types for 'second'
serial/serial.c:95:6: note: previous definition of 'second' was here
serial/serial.c:129:6: error: conflicting types for 'results'
serial/serial.c:96:6: note: previous definition of 'results' was here
serial/serial.c:144:1: warning: control reaches end of non-void function [-Wreturn-type]
serialTesting.c:8:35: fatal error: serialSort/serialSort.h: No such file or directory
compilation terminated.
make: *** [serialc] Error 1
